---
source: src/ronin-core/tests/snapshots.rs
expression: "tree(r#\"['a', '\\n', '\\'']\"#)"
---
Root@TextRange { start: 0, end: 17 }
  List@TextRange { start: 0, end: 17 }
    LBracket@TextRange { start: 0, end: 1 } "["
    Literal@TextRange { start: 1, end: 4 }
      Char@TextRange { start: 1, end: 4 } "'a'"
    Comma@TextRange { start: 4, end: 5 } ","
    Whitespace@TextRange { start: 5, end: 6 } " "
    Literal@TextRange { start: 6, end: 10 }
      Char@TextRange { start: 6, end: 10 } "'\\n'"
    Comma@TextRange { start: 10, end: 11 } ","
    Whitespace@TextRange { start: 11, end: 12 } " "
    Literal@TextRange { start: 12, end: 16 }
      Char@TextRange { start: 12, end: 16 } "'\\''"
    RBracket@TextRange { start: 16, end: 17 } "]"
