---
source: src/ronin-core/tests/snapshots.rs
expression: "tree(\"#![enable(implicit_some)]\\nFoo(x: 1)\")"
---
Root@TextRange { start: 0, end: 35 }
  ExtensionAttr@TextRange { start: 0, end: 25 }
    Hash@TextRange { start: 0, end: 1 } "#"
    Bang@TextRange { start: 1, end: 2 } "!"
    LBracket@TextRange { start: 2, end: 3 } "["
    EnableKw@TextRange { start: 3, end: 9 } "enable"
    LParen@TextRange { start: 9, end: 10 } "("
    Ident@TextRange { start: 10, end: 23 } "implicit_some"
    RParen@TextRange { start: 23, end: 24 } ")"
    RBracket@TextRange { start: 24, end: 25 } "]"
  Whitespace@TextRange { start: 25, end: 26 } "\n"
  Struct@TextRange { start: 26, end: 35 }
    Ident@TextRange { start: 26, end: 29 } "Foo"
    LParen@TextRange { start: 29, end: 30 } "("
    StructField@TextRange { start: 30, end: 34 }
      Ident@TextRange { start: 30, end: 31 } "x"
      Colon@TextRange { start: 31, end: 32 } ":"
      Whitespace@TextRange { start: 32, end: 33 } " "
      Literal@TextRange { start: 33, end: 34 }
        Integer@TextRange { start: 33, end: 34 } "1"
    RParen@TextRange { start: 34, end: 35 } ")"
